// Jest Snapshot v1, https://goo.gl/fbAQLP

exports[`should render Header correctly 1`] = `
<header>
  <div>
    <h1>
      Test-React-App
    </h1>
    <NavLink
      activeClassName="is-active"
      exact={true}
      to="/"
    >
      Dashboard
    </NavLink>
    <NavLink
      activeClassName="is-active"
      to="/create"
    >
      Create CRUD
    </NavLink>
    <NavLink
      activeClassName="is-active"
      to="/help"
    >
      Help
    </NavLink>
  </div>
</header>
`;
